Enter password: *****
Welcome to the MySQL monitor.  Commands end with ; or \g.
Your MySQL connection id is 8
Server version: 8.0.32 MySQL Community Server - GPL

Copyright (c) 2000, 2023, Oracle and/or its affiliates.

Oracle is a registered trademark of Oracle Corporation and/or its
affiliates. Other names may be trademarks of their respective
owners.

Type 'help;' or '\h' for help. Type '\c' to clear the current input statement.

mysql> show databases;
+--------------------+
| Database           |
+--------------------+
| babuoyo            |
| babusindhu         |
| dbms1              |
| department         |
| eldorado           |
| faculty            |
| girlfriend         |
| github             |
| honeyrose          |
| hyper              |
| industry           |
| information_schema |
| ishashank          |
| kjj                |
| mahendra           |
| mentees            |
| mysql              |
| narendra           |
| np                 |
| openai             |
| pandu              |
| performance_schema |
| rumaan             |
| sakila             |
| satya              |
| sec                |
| serty              |
| simam              |
| somesh             |
| sse                |
| student            |
| students           |
| suresh             |
| world              |
+--------------------+
34 rows in set (0.01 sec)

mysql> use mentees;
Database changed
mysql> select* from student;
+--------+----------+----------+------+
| rollno | name     | address  | age  |
+--------+----------+----------+------+
|      1 | Muni     | Chennai  |   18 |
|      2 | Mohammed | Kadapa   |   29 |
|      3 | Mahendra | nellore  |   21 |
|      4 | Rumaan   | Guntur   |   20 |
|      5 | Devesh   | Tirupati |   30 |
|      6 | Rakesh   | Goa      |   90 |
|      7 | Suresgh  | hyd      |   78 |
|      8 | Lokesh   | lucknow  |   58 |
+--------+----------+----------+------+
8 rows in set (0.02 sec)

mysql> select * from studentcourses;
ERROR 1146 (42S02): Table 'mentees.studentcourses' doesn't exist
mysql> select * from studentcourse;
+----------+--------+
| courseid | rollno |
+----------+--------+
|        1 |      1 |
|        2 |      2 |
|        2 |      3 |
|        3 |      4 |
|        1 |      5 |
|        4 |      9 |
|        5 |     10 |
|        4 |     11 |
+----------+--------+
8 rows in set (0.01 sec)

mysql> select id,name;
ERROR 1054 (42S22): Unknown column 'id' in 'field list'
mysql> select id,name from studentcourse;
ERROR 1054 (42S22): Unknown column 'id' in 'field list'
mysql> select name,rollno from studentcourse where name(select name from student where rollno=1);
ERROR 1064 (42000): You have an error in your SQL syntax; check the manual that corresponds to your MySQL server version for the right syntax to use near '(select name from student where rollno=1)' at line 1
mysql> create view student_view as select name,age and rollno from studentcourse;
ERROR 1054 (42S22): Unknown column 'name' in 'field list'
mysql> create view student_view as select name,age and rollno from student;
Query OK, 0 rows affected (0.01 sec)

mysql> select* from student;
+--------+----------+----------+------+
| rollno | name     | address  | age  |
+--------+----------+----------+------+
|      1 | Muni     | Chennai  |   18 |
|      2 | Mohammed | Kadapa   |   29 |
|      3 | Mahendra | nellore  |   21 |
|      4 | Rumaan   | Guntur   |   20 |
|      5 | Devesh   | Tirupati |   30 |
|      6 | Rakesh   | Goa      |   90 |
|      7 | Suresgh  | hyd      |   78 |
|      8 | Lokesh   | lucknow  |   58 |
+--------+----------+----------+------+
8 rows in set (0.00 sec)

mysql> create view student_view as select name, and rollno from student;
ERROR 1064 (42000): You have an error in your SQL syntax; check the manual that corresponds to your MySQL server version for the right syntax to use near 'and rollno from student' at line 1
mysql> create view student_view as select name and rollno from student;
ERROR 1050 (42S01): Table 'student_view' already exists
mysql> create view student_view as select name,regno and rollno from student;
ERROR 1054 (42S22): Unknown column 'regno' in 'field list'
mysql> create view student_view as select name, and rollno from student;
ERROR 1064 (42000): You have an error in your SQL syntax; check the manual that corresponds to your MySQL server version for the right syntax to use near 'and rollno from student' at line 1
mysql> create view student_view as select name,age and rollno from student;
ERROR 1050 (42S01): Table 'student_view' already exists
mysql>
mysql> create index rollno on student(rollno);
Query OK, 0 rows affected (0.04 sec)
Records: 0  Duplicates: 0  Warnings: 0

mysql> show index from student;
+---------+------------+----------+--------------+-------------+-----------+-------------+----------+--------+------+------------+---------+---------------+---------+------------+
| Table   | Non_unique | Key_name | Seq_in_index | Column_name | Collation | Cardinality | Sub_part | Packed | Null | Index_type | Comment | Index_comment | Visible | Expression |
+---------+------------+----------+--------------+-------------+-----------+-------------+----------+--------+------+------------+---------+---------------+---------+------------+
| student |          1 | rollno   |            1 | rollno      | A         |           8 |     NULL |   NULL | YES  | BTREE      |         |               | YES     | NULL       |
+---------+------------+----------+--------------+-------------+-----------+-------------+----------+--------+------+------------+---------+---------------+---------+------------+
1 row in set (0.00 sec)

mysql> create view student_view as select name,age,Address and name from student;
ERROR 1050 (42S01): Table 'student_view' already exists
mysql> create view student_view as select name,age,Address and rollno from student;
ERROR 1050 (42S01): Table 'student_view' already exists
mysql> create table student1(regno int,name varchar(20),courseno int,marks int,facultydoj int);
Query OK, 0 rows affected (0.03 sec)

mysql> desc student1;
+------------+-------------+------+-----+---------+-------+
| Field      | Type        | Null | Key | Default | Extra |
+------------+-------------+------+-----+---------+-------+
| regno      | int         | YES  |     | NULL    |       |
| name       | varchar(20) | YES  |     | NULL    |       |
| courseno   | int         | YES  |     | NULL    |       |
| marks      | int         | YES  |     | NULL    |       |
| facultydoj | int         | YES  |     | NULL    |       |
+------------+-------------+------+-----+---------+-------+
5 rows in set (0.02 sec)

mysql> insert into student1 values(1234,'mohammad',22,98,2002);
Query OK, 1 row affected (0.01 sec)

mysql> insert into student1 values(1000,'abdul',21,99,2009);
Query OK, 1 row affected (0.01 sec)

mysql> insert into student1 values(1222,'saiteja',89,93,1001);
Query OK, 1 row affected (0.01 sec)

mysql> select* from student1;
+-------+----------+----------+-------+------------+
| regno | name     | courseno | marks | facultydoj |
+-------+----------+----------+-------+------------+
|  1234 | mohammad |       22 |    98 |       2002 |
|  1000 | abdul    |       21 |    99 |       2009 |
|  1222 | saiteja  |       89 |    93 |       1001 |
+-------+----------+----------+-------+------------+
3 rows in set (0.00 sec)

mysql> select* from student1 where marks>(select avg(marks)from student1);
+-------+----------+----------+-------+------------+
| regno | name     | courseno | marks | facultydoj |
+-------+----------+----------+-------+------------+
|  1234 | mohammad |       22 |    98 |       2002 |
|  1000 | abdul    |       21 |    99 |       2009 |
+-------+----------+----------+-------+------------+
2 rows in set (0.01 sec)

mysql> select* from student1 where marks>(select max(marks)from student1);
Empty set (0.01 sec)

mysql> desc student1;
+------------+-------------+------+-----+---------+-------+
| Field      | Type        | Null | Key | Default | Extra |
+------------+-------------+------+-----+---------+-------+
| regno      | int         | YES  |     | NULL    |       |
| name       | varchar(20) | YES  |     | NULL    |       |
| courseno   | int         | YES  |     | NULL    |       |
| marks      | int         | YES  |     | NULL    |       |
| facultydoj | int         | YES  |     | NULL    |       |
+------------+-------------+------+-----+---------+-------+
5 rows in set (0.00 sec)
