Enter password: *****
Welcome to the MySQL monitor.  Commands end with ; or \g.
Your MySQL connection id is 9
Server version: 8.0.32 MySQL Community Server - GPL

Copyright (c) 2000, 2023, Oracle and/or its affiliates.

Oracle is a registered trademark of Oracle Corporation and/or its
affiliates. Other names may be trademarks of their respective
owners.

Type 'help;' or '\h' for help. Type '\c' to clear the current input statement.

mysql> show datbases;
ERROR 1064 (42000): You have an error in your SQL syntax; check the manual that corresponds to your MySQL server version for the right syntax to use near 'datbases' at line 1
mysql> show databases;
+--------------------+
| Database           |
+--------------------+
| babuoyo            |
| babusindhu         |
| dbms1              |
| department         |
| eldorado           |
| faculty            |
| girlfriend         |
| github             |
| honeyrose          |
| hyper              |
| industry           |
| information_schema |
| ishashank          |
| kjj                |
| mahendra           |
| mysql              |
| narendra           |
| np                 |
| openai             |
| pandu              |
| performance_schema |
| rumaan             |
| sakila             |
| satya              |
| sec                |
| serty              |
| simam              |
| somesh             |
| sse                |
| student            |
| suresh             |
| world              |
+--------------------+
32 rows in set (0.07 sec)

mysql> create databases mentees;
ERROR 1064 (42000): You have an error in your SQL syntax; check the manual that corresponds to your MySQL server version for the right syntax to use near 'databases mentees' at line 1
mysql> create database mentees;
Query OK, 1 row affected (0.04 sec)

mysql> use mentees;
Database changed
mysql> create table student(regno int,name char(20),age int,address varchar(20));
Query OK, 0 rows affected (0.03 sec)

mysql> desc student;
+---------+-------------+------+-----+---------+-------+
| Field   | Type        | Null | Key | Default | Extra |
+---------+-------------+------+-----+---------+-------+
| regno   | int         | YES  |     | NULL    |       |
| name    | char(20)    | YES  |     | NULL    |       |
| age     | int         | YES  |     | NULL    |       |
| address | varchar(20) | YES  |     | NULL    |       |
+---------+-------------+------+-----+---------+-------+
4 rows in set (0.02 sec)

mysql> drop table student;
Query OK, 0 rows affected (0.02 sec)

mysql> create table student(rollno int,name char(20),address char(20
    -> 0^C
mysql> create table student(rollno int,name char(20),address char(20),age int);
Query OK, 0 rows affected (0.02 sec)

mysql> insert into student values(1,"Muni","Chennai",18),(2,"Mohammed","Kadapa",29),(3,"Mahendra","nellore",21),(4,"Rumaan","Guntur",20),(5,"Devesh","Tirupati",30),(6,"Rakesh","Goa",90),(7,"Suresgh","hyd",78),(8,"Lokesh","lucknow",58);
Query OK, 8 rows affected (0.02 sec)
Records: 8  Duplicates: 0  Warnings: 0

mysql> select * from student;
+--------+----------+----------+------+
| rollno | name     | address  | age  |
+--------+----------+----------+------+
|      1 | Muni     | Chennai  |   18 |
|      2 | Mohammed | Kadapa   |   29 |
|      3 | Mahendra | nellore  |   21 |
|      4 | Rumaan   | Guntur   |   20 |
|      5 | Devesh   | Tirupati |   30 |
|      6 | Rakesh   | Goa      |   90 |
|      7 | Suresgh  | hyd      |   78 |
|      8 | Lokesh   | lucknow  |   58 |
+--------+----------+----------+------+
8 rows in set (0.00 sec)

mysql> create table studentcourse(courseid int,rollno int);
Query OK, 0 rows affected (0.04 sec)

mysql> insert into studentcourse values(1,1),(2,2),(2,3),(3,4),(1,5),(4,9),(5,10),(4,11);
Query OK, 8 rows affected (0.01 sec)
Records: 8  Duplicates: 0  Warnings: 0

mysql> select * from studentcourse;
+----------+--------+
| courseid | rollno |
+----------+--------+
|        1 |      1 |
|        2 |      2 |
|        2 |      3 |
|        3 |      4 |
|        1 |      5 |
|        4 |      9 |
|        5 |     10 |
|        4 |     11 |
+----------+--------+
8 rows in set (0.00 sec)

mysql> select student.name,studentcourse.rollno from student inner join studentcourse on student.rollno = studentcourse.rollno;
+----------+--------+
| name     | rollno |
+----------+--------+
| Muni     |      1 |
| Mohammed |      2 |
| Mahendra |      3 |
| Rumaan   |      4 |
| Devesh   |      5 |
+----------+--------+
5 rows in set (0.00 sec)

mysql> select studentcourse.courseid,student.address from student left join studentcourse on student.rollno = studentcourse.rollno;
+----------+----------+
| courseid | address  |
+----------+----------+
|        1 | Chennai  |
|        2 | Kadapa   |
|        2 | nellore  |
|        3 | Guntur   |
|        1 | Tirupati |
|     NULL | Goa      |
|     NULL | hyd      |
|     NULL | lucknow  |
+----------+----------+
8 rows in set (0.00 sec)

mysql> select studentcourse.courseid,student.address from student right join studentcourse on student.rollno = studentcourse.rollno;
+----------+----------+
| courseid | address  |
+----------+----------+
|        1 | Chennai  |
|        2 | Kadapa   |
|        2 | nellore  |
|        3 | Guntur   |
|        1 | Tirupati |
|        4 | NULL     |
|        5 | NULL     |
|        4 | NULL     |
+----------+----------+
8 rows in set (0.00 sec)
